// Jest Snapshot v1, https://goo.gl/fbAQLP

exports[`<ImageSlides /> should render a loading 1`] = `ShallowWrapper {}`;
